// Jest Snapshot v1, https://goo.gl/fbAQLP

exports[`CreditsBar renders 1`] = `
<div
  className="container"
>
  <span>
    Non-linear regression code by 
    <a
      href="https://github.com/jonasalmeida/fminsearch"
      rel="noopener"
      target="_blank"
    >
      Dr. Jonas Almeida
    </a>
  </span>
  <span>
    Chinese character frequency list by 
    <a
      href="http://lingua.mtsu.edu/chinese-computing/statistics/char/list.php?Which=MO"
      rel="noopener"
      target="_blank"
    >
      Dr. Jun Da
    </a>
  </span>
  <span>
    Icons by 
    <a
      href="https://www.flaticon.com/authors/egor-rumyantsev"
      rel="noopener"
      target="_blank"
    >
      Egor Rumyantsev
    </a>
    , 
    <a
      href="https://www.flaticon.com/authors/dave-gandy"
      rel="noopener"
      target="_blank"
    >
      Dave Gandy
    </a>
     and 
    <a
      href="https://www.freepik.com/"
      rel="noopener"
      target="_blank"
    >
      Freepik
    </a>
  </span>
  <span>
    Created with love by 
    <a
      className="selfLink"
      href="https://www.linkedin.com/in/codyjenkins/"
      rel="noopener"
      target="_blank"
    >
      iknowcss
    </a>
  </span>
</div>
`;
